// Jest Snapshot v1, https://goo.gl/fbAQLP

exports[`should render component correctly 1`] = `
Object {
  "asFragment": [Function],
  "baseElement": <body>
    <div>
      <div
        class="container"
      >
        <div
          class="row row-cols-6 row-cols-md-5"
        >
          <div
            class="col-md-7"
          >
            <dl
              class="row"
            >
              <dt
                class="col-sm-3"
              >
                Title
              </dt>
              <p
                data-testid="title"
              />
              <dd
                class="col-sm-9"
                data-testid="titles"
              />
              <dt
                class="col-sm-3"
              >
                Rating
              </dt>
              <dd
                class="col-sm-9"
              />
              <dt
                class="col-sm-3"
              >
                Plot
              </dt>
              <dd
                class="col-sm-9"
              />
            </dl>
          </div>
          <div
            class="col-md-5"
          >
            <div
              class="row"
            >
              <img
                alt="..."
                class="d-block w-50"
              />
            </div>
            <div
              class="row"
            />
          </div>
        </div>
      </div>
    </div>
  </body>,
  "container": <div>
    <div
      class="container"
    >
      <div
        class="row row-cols-6 row-cols-md-5"
      >
        <div
          class="col-md-7"
        >
          <dl
            class="row"
          >
            <dt
              class="col-sm-3"
            >
              Title
            </dt>
            <p
              data-testid="title"
            />
            <dd
              class="col-sm-9"
              data-testid="titles"
            />
            <dt
              class="col-sm-3"
            >
              Rating
            </dt>
            <dd
              class="col-sm-9"
            />
            <dt
              class="col-sm-3"
            >
              Plot
            </dt>
            <dd
              class="col-sm-9"
            />
          </dl>
        </div>
        <div
          class="col-md-5"
        >
          <div
            class="row"
          >
            <img
              alt="..."
              class="d-block w-50"
            />
          </div>
          <div
            class="row"
          />
        </div>
      </div>
    </div>
  </div>,
  "debug": [Function],
  "findAllByAltText": [Function],
  "findAllByDisplayValue": [Function],
  "findAllByLabelText": [Function],
  "findAllByPlaceholderText": [Function],
  "findAllByRole": [Function],
  "findAllByTestId": [Function],
  "findAllByText": [Function],
  "findAllByTitle": [Function],
  "findByAltText": [Function],
  "findByDisplayValue": [Function],
  "findByLabelText": [Function],
  "findByPlaceholderText": [Function],
  "findByRole": [Function],
  "findByTestId": [Function],
  "findByText": [Function],
  "findByTitle": [Function],
  "getAllByAltText": [Function],
  "getAllByDisplayValue": [Function],
  "getAllByLabelText": [Function],
  "getAllByPlaceholderText": [Function],
  "getAllByRole": [Function],
  "getAllByTestId": [Function],
  "getAllByText": [Function],
  "getAllByTitle": [Function],
  "getByAltText": [Function],
  "getByDisplayValue": [Function],
  "getByLabelText": [Function],
  "getByPlaceholderText": [Function],
  "getByRole": [Function],
  "getByTestId": [Function],
  "getByText": [Function],
  "getByTitle": [Function],
  "queryAllByAltText": [Function],
  "queryAllByDisplayValue": [Function],
  "queryAllByLabelText": [Function],
  "queryAllByPlaceholderText": [Function],
  "queryAllByRole": [Function],
  "queryAllByTestId": [Function],
  "queryAllByText": [Function],
  "queryAllByTitle": [Function],
  "queryByAltText": [Function],
  "queryByDisplayValue": [Function],
  "queryByLabelText": [Function],
  "queryByPlaceholderText": [Function],
  "queryByRole": [Function],
  "queryByTestId": [Function],
  "queryByText": [Function],
  "queryByTitle": [Function],
  "rerender": [Function],
  "unmount": [Function],
}
`;
